// Jest Snapshot v1, https://goo.gl/fbAQLP

exports[`<NewMovie Snapshot/> 1`] = `
<div>
  <h1
    data-testid="title"
  >
    New Movie
  </h1>
  <div>
    <form
      data-testid="form"
    >
      <input
        type="text"
      />
      <button>
        Submit
      </button>
    </form>
  </div>
</div>
`;

exports[`<NewMovie Snapshot/> 2`] = `
<div>
  <h1
    data-testid="title"
  >
    New Movie
  </h1>
  <div>
    <form
      data-testid="form"
    >
      <input
        type="text"
      />
      <button>
        Submit
      </button>
    </form>
  </div>
</div>
`;

exports[`<NewMovie True/> 1`] = `
<div>
  <h1
    data-testid="title"
  >
    New Movie
  </h1>
  <div>
    <form
      data-testid="form"
    >
      <input
        type="text"
      />
      <button>
        Submit
      </button>
    </form>
  </div>
</div>
`;
